✓ Lockfile passes supply-chain policies (verified 1d ago)
Lockfile is up to date, resolution step is skipped
Progress: resolved 1, reused 0, downloaded 0, added 0
Packages: +616
++++++++++++++++++++++++++++++++++++++++++++++++++++++++++++++++++++++++++++++++
Packages are cloned from the content-addressable store to the virtual store.
  Content-addressable store is at: /Users/dnslin/Library/pnpm/store/v11
  Virtual store is at:             node_modules/.pnpm
Progress: resolved 616, reused 616, downloaded 0, added 66
Progress: resolved 616, reused 616, downloaded 0, added 394
Progress: resolved 616, reused 616, downloaded 0, added 612
Progress: resolved 616, reused 616, downloaded 0, added 614
Progress: resolved 616, reused 616, downloaded 0, added 616, done
.../node_modules/unrs-resolver postinstall$ node postinstall.js
.../node_modules/unrs-resolver postinstall: Done

dependencies:
+ @air/react-drag-to-select 5.0.11
+ @aws-sdk/client-s3 3.1136.0
+ @aws-sdk/s3-request-presigner 3.1136.0
+ @better-auth/api-key 1.7.5
+ @better-auth/drizzle-adapter 1.7.5
+ @heroui/react 3.2.6
+ @heroui/styles 3.2.6
+ @internationalized/date 3.12.4
+ @resvg/resvg-js 2.6.2
+ @tanstack/react-query 5.103.1
+ @uppy/core 5.2.0
+ @uppy/xhr-upload 5.2.0
+ @xmldom/xmldom 0.9.12
+ better-auth 1.7.5
+ better-sqlite3 13.0.3
+ busboy 1.6.0
+ content-disposition 3.0.0
+ css-tree 3.2.1
+ drizzle-orm 0.45.2
+ execa 10.0.1
+ lucide-react 1.47.0
+ next 16.3.5
+ next-themes 0.4.6
+ nuqs 2.10.1
+ pino 10.3.1
+ react 19.3.0
+ react-aria 3.52.1
+ react-dom 19.3.0
+ react-hook-form 7.88.0
+ unicode-case-folding 1.1.1
+ yet-another-react-lightbox 3.32.2
+ zod 4.6.2

devDependencies:
+ @tailwindcss/postcss 4.3.3
+ @types/better-sqlite3 9.6.0
+ @types/busboy 1.5.4
+ @types/node 24.13.4
+ @types/react 19.3.0
+ @types/react-dom 19.3.0
+ auth 1.7.5
+ drizzle-kit 0.31.10
+ eslint 9.39.5
+ eslint-config-next 16.3.5
+ prettier 3.9.6
+ tailwindcss 4.3.3
+ typescript 6.0.3
+ vitest 5.0.0

Done in 4.8s using pnpm v11.19.0
