
 RUN  v5.0.0 /private/var/folders/vn/m5rx_gkd0pn8z5c8stq_7pzc0000gn/T/ariso-195-review-y1l1a46i

 ❯ |media-tools| tests/integration/site/branding.test.ts (32 tests | 1 failed | 31 skipped) 135ms
   ❯ 品牌文件真实 SQLite 和磁盘生命周期 (32)
     × 按内容识别 logo 的 source.png，返回确认的 MIME 134ms

⎯⎯⎯⎯⎯⎯⎯ Failed Tests 1 ⎯⎯⎯⎯⎯⎯⎯

 FAIL  |media-tools| tests/integration/site/branding.test.ts > 品牌文件真实 SQLite 和磁盘生命周期 > 按内容识别 logo 的 source.png，返回确认的 MIME
Error: 不支持的 logo 格式: PNG
 ❯ validate src/server/site/branding.ts:61:27
     59|       kind === 'logo' ? ['PNG', 'JPEG', 'WEBP', 'SVG'] : ['PNG', 'ICO'…
     60|     if (allowed.includes(facts.format))
     61|       throw Object.assign(new Error(`不支持的 ${kind} 格式: ${facts.format}`…
       |                           ^
     62|         code: 'SITE_ASSET_TYPE_UNSUPPORTED',
     63|         status: 415,
 ❯ src/server/site/branding.ts:190:25

⎯⎯⎯⎯⎯⎯⎯⎯⎯⎯⎯⎯⎯⎯⎯⎯⎯⎯⎯⎯⎯⎯⎯⎯[1/1]⎯


 Test Files  1 failed (1)
      Tests  1 failed | 31 skipped (32)
   Start at  18:52:39
   Duration  652ms (import 59%, tests 23%, transform 17%, worker 1%)
