{ taskSpaceId: 2, ownership: 'agent' }
[p1 "Ariso" | space "Ariso Issue 179"(2): 1 managed, 1 untracked — p1* "Ariso"]
root
  container
    container "后台侧栏"
      container
        anchor "Ariso 首页" [ref=1, url=http://ariso-63932.localhost:63932/]
          text "Ariso"
        button "收起侧栏" [ref=2, loc=css:button[aria-label="收起侧栏"]]
          svg_root
      container "后台导航"
        anchor "总览" [ref=3, loc=css:a[aria-label="总览"], url=http://ariso-63932.localhost:63932/dashboard]
          svg_root
          text "总览"
        anchor "上传" [ref=4, loc=css:a[aria-label="上传"], url=http://ariso-63932.localhost:63932/upload]
          svg_root
          text "上传"
        anchor "图库" [ref=5, loc=css:a[aria-label="图库"], url=http://ariso-63932.localhost:63932/library]
          svg_root
          text "图库"
        anchor "相册" [ref=6, loc=css:a[aria-label="相册"], url=http://ariso-63932.localhost:63932/albums]
          svg_root
          text "相册"
        anchor "标签" [ref=7, loc=css:a[aria-label="标签"], url=http://ariso-63932.localhost:63932/tags]
          svg_root
          text "标签"
        anchor "分享管理" [ref=8, loc=css:a[aria-label="分享管理"], url=http://ariso-63932.localhost:63932/shares]
          svg_root
          text "分享管理"
        anchor "回收站" [ref=9, loc=css:a[aria-label="回收站"], url=http://ariso-63932.localhost:63932/trash]
          svg_root
          text "回收站"
        paragraph
          text "管理"
        anchor "访问统计" [ref=10, loc=css:a[aria-label="访问统计"], url=http://ariso-63932.localhost:63932/analytics]
          svg_root
          text "访问统计"
        anchor "存储管理" [ref=11, loc=css:a[aria-label="存储管理"], url=http://ariso-63932.localhost:63932/settings/storage]
          svg_root
          text "存储管理"
        anchor "站点设置" [ref=12, loc=css:a[aria-label="站点设置"], url=http://ariso-63932.localhost:63932/settings/general]
          svg_root
          text "站点设置"
      button "账号菜单" [ref=13, loc=css:button[aria-label="账号菜单"]]
        text "O"
        container
          text "Owner"
          text "站点所有者"
    container
      container [ref=14]
        container "图库"
          container
            heading [ref=15]
              text "图库"
            paragraph
              text "保存每一刻，也让每一次查找更轻松。"
          radiogroup "处理异常类型"
            radiobutton [ref=16]
              svg_root
              text "初次处理"
            radiobutton [ref=17]
              svg_root
              text "重新处理"
          container
            container
              group
                searchbox "搜索图片名称" [ref=18, loc=css:input[placeholder="搜索图片名称…"]]
                  text "搜索图片名称…"
              container
                button "图片排序 上传时间 ↓ 上传时间 ↓" [ref=19]
                  text "上传时间 ↓"
                radiogroup "图片布局"
                  radiobutton "网格" [ref=20, loc=css:button[aria-label="网格"]]
                    svg_root
                  radiobutton "瀑布流" [ref=21, loc=css:button[aria-label="瀑布流"]]
                    svg_root
                button "刷新图库" [ref=22, loc=css:button[aria-label="刷新图库"]]
                  svg_root
            container "图片筛选条件"
              button [ref=23]
                svg_root
                text "添加条件"
          container
            svg_root
            heading
              text "图库还没有图片"
            paragraph
              text "上传第一张图片，开始整理你的图库。"
      container
        status
          text "0 张图片 · 已加载 0 张"
        container
          button "图片加载方式 加载更多 加载更多" [ref=24]
            text "加载更多"
            svg_root
          button "每批图片数 40 张 / 批 40 张 / 批" [ref=25]
            text "40 张 / 批"
            svg_root
