$ next build
▲ Next.js 16.3.5 (Turbopack)
✓ Running next.config.mjs took 14ms

  Creating an optimized production build ...
✓ Compiled successfully in 4.5s
  Running TypeScript ...
  Finished TypeScript in 2.1s ...
  Collecting page data using 7 workers ...
  Generating static pages using 7 workers (0/6) ...
  Generating static pages using 7 workers (1/6)
  Generating static pages using 7 workers (2/6)
  Generating static pages using 7 workers (4/6)
✓ Generating static pages using 7 workers (6/6) in 378ms
  Finalizing page optimization ...

Route (app)
┌ ○ /
├ ○ /_not-found
├ ○ /library
├ ƒ /library/data
└ ƒ /probe


○  (Static)   prerendered as static content
ƒ  (Dynamic)  server-rendered on demand
