Already up to date
Done in 42ms using pnpm v11.19.0
src/components/storage/storage-tip.tsx 26ms (unchanged)
src/components/storage/storage-form.tsx 20ms (unchanged)
src/components/storage/storage-editor.tsx 39ms (unchanged)
src/components/storage/storage-delete-dialog.tsx 5ms (unchanged)
e2e/storage-admin-feedback.mjs 33ms (unchanged)
e2e/storage-admin.mjs 23ms (unchanged)
e2e/browser-geometry.mjs 3ms (unchanged)
scripts/verify-browser.mjs 14ms (unchanged)
docs/verification/storage-198/README.md 43ms (unchanged)
docs/verification/storage-198/feedback-browser/runner.json 1ms (unchanged)
docs/verification/storage-198/feedback-browser/s3-mobile-bottom.json 1ms (unchanged)
docs/verification/storage-198/feedback-browser/storage-admin-feedback.json 36ms (unchanged)
docs/verification/storage-198/feedback-browser-eighth/local-error-unfocused.json 0ms (unchanged)
docs/verification/storage-198/feedback-browser-eighth/runner.json 0ms (unchanged)
docs/verification/storage-198/feedback-browser-eighth/storage-admin-feedback.json 21ms (unchanged)
docs/verification/storage-198/feedback-browser-fifth/runner.json 0ms (unchanged)
docs/verification/storage-198/feedback-browser-fifth/storage-admin-feedback.json 12ms (unchanged)
docs/verification/storage-198/feedback-browser-first/runner.json 0ms (unchanged)
docs/verification/storage-198/feedback-browser-first/storage-admin-feedback.json 3ms (unchanged)
docs/verification/storage-198/feedback-browser-fourth/runner.json 0ms (unchanged)
docs/verification/storage-198/feedback-browser-fourth/storage-admin-feedback.json 13ms (unchanged)
docs/verification/storage-198/feedback-browser-second/runner.json 0ms (unchanged)
docs/verification/storage-198/feedback-browser-second/storage-admin-feedback.json 10ms (unchanged)
docs/verification/storage-198/feedback-browser-seventh/runner.json 1ms (unchanged)
docs/verification/storage-198/feedback-browser-seventh/storage-admin-feedback.json 16ms (unchanged)
docs/verification/storage-198/feedback-browser-sixth/continuous-focus-trace.json 2ms
docs/verification/storage-198/feedback-browser-sixth/desktop-window-resize.json 0ms (unchanged)
docs/verification/storage-198/feedback-browser-sixth/exact-helper-diagnosis.json 1ms (unchanged)
docs/verification/storage-198/feedback-browser-sixth/resize-tooltip-trace.json 5ms (unchanged)
docs/verification/storage-198/feedback-browser-sixth/runner.json 0ms (unchanged)
docs/verification/storage-198/feedback-browser-sixth/storage-admin-feedback.json 10ms (unchanged)
docs/verification/storage-198/feedback-browser-third/runner.json 0ms (unchanged)
docs/verification/storage-198/feedback-browser-third/storage-admin-feedback.json 9ms (unchanged)
docs/verification/storage-198/feedback-browser-third/tip-target-diagnosis.json 0ms (unchanged)
